
[33m[ ECI SL // TERMINAL COMMAND CONSOLE ][0m
------------------------------------------
Enter Sector Code (e.g., 01_TRADE_FINANCE): Enter Principal Entity Name: Traceback (most recent call last):
  File "/home/alexander/ECI_NEXUS/projects/eci_sl_public/eci_intake.py", line 88, in <module>
    entity = input("Enter Principal Entity Name: ").strip()
             ^^^^^^^^^^^^^^^^^^^^^^^^^^^^^^^^^^^^^^
EOFError: EOF when reading a line

[33m[ ECI SL // TERMINAL COMMAND CONSOLE ][0m
------------------------------------------
Enter Sector Code (e.g., 01_TRADE_FINANCE): Enter Principal Entity Name: Traceback (most recent call last):
  File "/home/alexander/ECI_NEXUS/projects/eci_sl_public/eci_intake.py", line 88, in <module>
    entity = input("Enter Principal Entity Name: ").strip()
             ^^^^^^^^^^^^^^^^^^^^^^^^^^^^^^^^^^^^^^
EOFError: EOF when reading a line

[33m[ ECI SL // TERMINAL COMMAND CONSOLE ][0m
------------------------------------------
Enter Sector Code (e.g., 01_TRADE_FINANCE): Enter Principal Entity Name: Traceback (most recent call last):
  File "/home/alexander/ECI_NEXUS/projects/eci_sl_public/eci_intake.py", line 88, in <module>
    entity = input("Enter Principal Entity Name: ").strip()
             ^^^^^^^^^^^^^^^^^^^^^^^^^^^^^^^^^^^^^^
EOFError: EOF when reading a line

[33m[ ECI SL // TERMINAL COMMAND CONSOLE ][0m
------------------------------------------
Enter Sector Code (e.g., 01_TRADE_FINANCE): Enter Principal Entity Name: Traceback (most recent call last):
  File "/home/alexander/ECI_NEXUS/projects/eci_sl_public/eci_intake.py", line 88, in <module>
    entity = input("Enter Principal Entity Name: ").strip()
             ^^^^^^^^^^^^^^^^^^^^^^^^^^^^^^^^^^^^^^
EOFError: EOF when reading a line

[33m[ ECI SL // TERMINAL COMMAND CONSOLE ][0m
------------------------------------------
Enter Sector Code (e.g., 01_TRADE_FINANCE): Enter Principal Entity Name: Traceback (most recent call last):
  File "/home/alexander/ECI_NEXUS/projects/eci_sl_public/eci_intake.py", line 88, in <module>
    entity = input("Enter Principal Entity Name: ").strip()
             ^^^^^^^^^^^^^^^^^^^^^^^^^^^^^^^^^^^^^^
EOFError: EOF when reading a line

[33m[ ECI SL // TERMINAL COMMAND CONSOLE ][0m
------------------------------------------
Enter Sector Code (e.g., 01_TRADE_FINANCE): Enter Principal Entity Name: Traceback (most recent call last):
  File "/home/alexander/ECI_NEXUS/projects/eci_sl_public/eci_intake.py", line 88, in <module>
    entity = input("Enter Principal Entity Name: ").strip()
             ^^^^^^^^^^^^^^^^^^^^^^^^^^^^^^^^^^^^^^
EOFError: EOF when reading a line

[33m[ ECI SL // TERMINAL COMMAND CONSOLE ][0m
------------------------------------------
Enter Sector Code (e.g., 01_TRADE_FINANCE): Enter Principal Entity Name: Traceback (most recent call last):
  File "/home/alexander/ECI_NEXUS/projects/eci_sl_public/eci_intake.py", line 88, in <module>
    entity = input("Enter Principal Entity Name: ").strip()
             ^^^^^^^^^^^^^^^^^^^^^^^^^^^^^^^^^^^^^^
EOFError: EOF when reading a line

[33m[ ECI SL // TERMINAL COMMAND CONSOLE ][0m
------------------------------------------
Enter Sector Code (e.g., 01_TRADE_FINANCE): Enter Principal Entity Name: Traceback (most recent call last):
  File "/home/alexander/ECI_NEXUS/projects/eci_sl_public/eci_intake.py", line 88, in <module>
    entity = input("Enter Principal Entity Name: ").strip()
             ^^^^^^^^^^^^^^^^^^^^^^^^^^^^^^^^^^^^^^
EOFError: EOF when reading a line
